should render service account when openTelemetry.agent.serviceAccount.create is true:
  1: |
    apiVersion: v1
    kind: ServiceAccount
    metadata:
      labels:
        app.kubernetes.io/component: otel-collector
        category: rbac
        deploy: sourcegraph
      name: otel-agent
should render service account when openTelemetry.gateway.serviceAccount.create is true:
  1: |
    apiVersion: v1
    kind: ServiceAccount
    metadata:
      labels:
        app.kubernetes.io/component: otel-collector
        category: rbac
        deploy: sourcegraph
      name: otel-collector
