should render service account annotations when cadvisor.serviceAccount.annotations is defined:
  1: |
    apiVersion: v1
    kind: ServiceAccount
    metadata:
      annotations:
        iam.gke.io/gcp-service-account: sourcegraph@sourcegraph.iam.gserviceaccount.com
      labels:
        app: cadvisor
        app.kubernetes.io/component: cadvisor
        category: rbac
        deploy: sourcegraph
      name: cadvisor
should render service account annotations when frontend.serviceAccount.annotations is defined:
  1: |
    apiVersion: v1
    kind: ServiceAccount
    metadata:
      annotations:
        iam.gke.io/gcp-service-account: sourcegraph@sourcegraph.iam.gserviceaccount.com
      labels:
        app.kubernetes.io/component: frontend
        category: rbac
        deploy: sourcegraph
      name: sourcegraph-frontend
should render service account annotations when prometheus.serviceAccount.annotations is defined:
  1: |
    apiVersion: v1
    kind: ServiceAccount
    metadata:
      annotations:
        iam.gke.io/gcp-service-account: sourcegraph@sourcegraph.iam.gserviceaccount.com
      labels:
        app.kubernetes.io/component: prometheus
        category: rbac
        deploy: sourcegraph
      name: prometheus
